Archive member included to satisfy reference by file (symbol)

/MRS-linux-x64/resources/app/resources/linux/components/WCH/Toolchain/RISC-V Embedded GCC/bin/../lib/gcc/riscv-none-embed/8.2.0/../../../../riscv-none-embed/lib/rv32ecxw/ilp32e/libprintf.a(wchprintf.o)
                              ./User/hardware_tests.o (printf)
/MRS-linux-x64/resources/app/resources/linux/components/WCH/Toolchain/RISC-V Embedded GCC/bin/../lib/gcc/riscv-none-embed/8.2.0/rv32ecxw/ilp32e/libgcc.a(save-restore.o)
                              ./User/driver.o (__riscv_save_2)
/MRS-linux-x64/resources/app/resources/linux/components/WCH/Toolchain/RISC-V Embedded GCC/bin/../lib/gcc/riscv-none-embed/8.2.0/rv32ecxw/ilp32e/libgcc.a(muldi3.o)
                              ./User/driver.o (__mulsi3)
/MRS-linux-x64/resources/app/resources/linux/components/WCH/Toolchain/RISC-V Embedded GCC/bin/../lib/gcc/riscv-none-embed/8.2.0/rv32ecxw/ilp32e/libgcc.a(div.o)
                              ./User/driver.o (__divsi3)
/MRS-linux-x64/resources/app/resources/linux/components/WCH/Toolchain/RISC-V Embedded GCC/bin/../lib/gcc/riscv-none-embed/8.2.0/../../../../riscv-none-embed/lib/rv32ecxw/ilp32e/libg_nano.a(lib_a-memcpy.o)
                              ./SSD1306/ssd1306_i2c.o (memcpy)
/MRS-linux-x64/resources/app/resources/linux/components/WCH/Toolchain/RISC-V Embedded GCC/bin/../lib/gcc/riscv-none-embed/8.2.0/../../../../riscv-none-embed/lib/rv32ecxw/ilp32e/libg_nano.a(lib_a-memset.o)
                              ./User/tetris.o (memset)

Discarded input sections

 .text          0x0000000000000000        0x0 ./User/ch32v00x_it.o
 .data          0x0000000000000000        0x0 ./User/ch32v00x_it.o
 .bss           0x0000000000000000        0x0 ./User/ch32v00x_it.o
 .text          0x0000000000000000        0x0 ./User/driver.o
 .data          0x0000000000000000        0x0 ./User/driver.o
 .bss           0x0000000000000000        0x0 ./User/driver.o
 .text.JOY_random
                0x0000000000000000       0x26 ./User/driver.o
 .data.rnval    0x0000000000000000        0x2 ./User/driver.o
 .text          0x0000000000000000        0x0 ./User/hardware_tests.o
 .data          0x0000000000000000        0x0 ./User/hardware_tests.o
 .bss           0x0000000000000000        0x0 ./User/hardware_tests.o
 .text.test_buttons
                0x0000000000000000      0x19c ./User/hardware_tests.o
 .text.test_leds
                0x0000000000000000      0x1bc ./User/hardware_tests.o
 .text.hardware_tests_start
                0x0000000000000000       0xda ./User/hardware_tests.o
 .rodata.__FUNCTION__.4467
                0x0000000000000000        0xd ./User/hardware_tests.o
 .rodata.__FUNCTION__.4478
                0x0000000000000000        0xa ./User/hardware_tests.o
 .rodata.hardware_tests_start.str1.4
                0x0000000000000000       0x11 ./User/hardware_tests.o
 .rodata.test_buttons.str1.4
                0x0000000000000000       0x3d ./User/hardware_tests.o
 .rodata.test_leds.str1.4
                0x0000000000000000       0x32 ./User/hardware_tests.o
 .debug_info    0x0000000000000000     0x1aec ./User/hardware_tests.o
 .debug_abbrev  0x0000000000000000      0x303 ./User/hardware_tests.o
 .debug_loc     0x0000000000000000       0x89 ./User/hardware_tests.o
 .debug_aranges
                0x0000000000000000       0x30 ./User/hardware_tests.o
 .debug_ranges  0x0000000000000000       0x68 ./User/hardware_tests.o
 .debug_line    0x0000000000000000      0x7ed ./User/hardware_tests.o
 .debug_str     0x0000000000000000      0x7e7 ./User/hardware_tests.o
 .comment       0x0000000000000000       0x34 ./User/hardware_tests.o
 .debug_frame   0x0000000000000000       0x74 ./User/hardware_tests.o
 .text          0x0000000000000000        0x0 ./User/i2c_tx.o
 .data          0x0000000000000000        0x0 ./User/i2c_tx.o
 .bss           0x0000000000000000        0x0 ./User/i2c_tx.o
 .text          0x0000000000000000        0x0 ./User/main.o
 .data          0x0000000000000000        0x0 ./User/main.o
 .bss           0x0000000000000000        0x0 ./User/main.o
 .text.USARTx_CFG
                0x0000000000000000       0x9e ./User/main.o
 .bss.valueInFlash
                0x0000000000000000        0x2 ./User/main.o
 .text          0x0000000000000000        0x0 ./User/menus.o
 .data          0x0000000000000000        0x0 ./User/menus.o
 .bss           0x0000000000000000        0x0 ./User/menus.o
 .text.display_saving_name
                0x0000000000000000       0x38 ./User/menus.o
 .rodata.display_saving_name.str1.4
                0x0000000000000000        0x7 ./User/menus.o
 .text          0x0000000000000000        0x0 ./User/oled_min.o
 .data          0x0000000000000000        0x0 ./User/oled_min.o
 .bss           0x0000000000000000        0x0 ./User/oled_min.o
 .text.OLED_command_start
                0x0000000000000000       0x26 ./User/oled_min.o
 .text.OLED_send_command
                0x0000000000000000       0x3a ./User/oled_min.o
 .text.OLED_fill
[...]
Memory Configuration

Name             Origin             Length             Attributes
FLASH            0x0000000000000000 0x0000000000004000 xr
RAM              0x0000000020000000 0x0000000000000800 xrw
*default*        0x0000000000000000 0xffffffffffffffff

Linker script and memory map

LOAD ./User/ch32v00x_it.o
LOAD ./User/driver.o
LOAD ./User/hardware_tests.o
LOAD ./User/i2c_tx.o
LOAD ./User/main.o
LOAD ./User/menus.o
LOAD ./User/oled_min.o
LOAD ./User/system_ch32v00x.o
LOAD ./User/tetris.o
LOAD ./Startup/startup_ch32v00x.o
LOAD ./SSD1306/bomb.o
LOAD ./SSD1306/display.o
LOAD ./SSD1306/ssd1306.o
LOAD ./SSD1306/ssd1306_i2c.o
LOAD ./Peripheral/src/ch32v00x_adc.o
LOAD ./Peripheral/src/ch32v00x_dbgmcu.o
LOAD ./Peripheral/src/ch32v00x_dma.o
LOAD ./Peripheral/src/ch32v00x_exti.o
LOAD ./Peripheral/src/ch32v00x_flash.o
LOAD ./Peripheral/src/ch32v00x_gpio.o
LOAD ./Peripheral/src/ch32v00x_i2c.o
LOAD ./Peripheral/src/ch32v00x_iwdg.o
LOAD ./Peripheral/src/ch32v00x_misc.o
LOAD ./Peripheral/src/ch32v00x_opa.o
LOAD ./Peripheral/src/ch32v00x_pwr.o
LOAD ./Peripheral/src/ch32v00x_rcc.o
LOAD ./Peripheral/src/ch32v00x_spi.o
LOAD ./Peripheral/src/ch32v00x_tim.o
LOAD ./Peripheral/src/ch32v00x_usart.o
LOAD ./Peripheral/src/ch32v00x_wwdg.o
LOAD ./Debug/debug.o
LOAD ./Core/core_riscv.o
LOAD /MRS-linux-x64/resources/app/resources/linux/components/WCH/Toolchain/RISC-V Embedded GCC/bin/../lib/gcc/riscv-none-embed/8.2.0/../../../../riscv-none-embed/lib/rv32ecxw/ilp32e/libprintf.a
LOAD /MRS-linux-x64/resources/app/resources/linux/components/WCH/Toolchain/RISC-V Embedded GCC/bin/../lib/gcc/riscv-none-embed/8.2.0/rv32ecxw/ilp32e/libgcc.a
LOAD /MRS-linux-x64/resources/app/resources/linux/components/WCH/Toolchain/RISC-V Embedded GCC/bin/../lib/gcc/riscv-none-embed/8.2.0/../../../../riscv-none-embed/lib/rv32ecxw/ilp32e/libg_nano.a
LOAD /MRS-linux-x64/resources/app/resources/linux/components/WCH/Toolchain/RISC-V Embedded GCC/bin/../lib/gcc/riscv-none-embed/8.2.0/../../../../riscv-none-embed/lib/rv32ecxw/ilp32e/libc_nano.a
LOAD /MRS-linux-x64/resources/app/resources/linux/components/WCH/Toolchain/RISC-V Embedded GCC/bin/../lib/gcc/riscv-none-embed/8.2.0/rv32ecxw/ilp32e/libgcc.a
START GROUP
LOAD /MRS-linux-x64/resources/app/resources/linux/components/WCH/Toolchain/RISC-V Embedded GCC/bin/../lib/gcc/riscv-none-embed/8.2.0/rv32ecxw/ilp32e/libgcc.a
LOAD /MRS-linux-x64/resources/app/resources/linux/components/WCH/Toolchain/RISC-V Embedded GCC/bin/../lib/gcc/riscv-none-embed/8.2.0/../../../../riscv-none-embed/lib/rv32ecxw/ilp32e/libc_nano.a
LOAD /MRS-linux-x64/resources/app/resources/linux/components/WCH/Toolchain/RISC-V Embedded GCC/bin/../lib/gcc/riscv-none-embed/8.2.0/../../../../riscv-none-embed/lib/rv32ecxw/ilp32e/libnosys.a
END GROUP
START GROUP
LOAD /MRS-linux-x64/resources/app/resources/linux/components/WCH/Toolchain/RISC-V Embedded GCC/bin/../lib/gcc/riscv-none-embed/8.2.0/rv32ecxw/ilp32e/libgcc.a
LOAD /MRS-linux-x64/resources/app/resources/linux/components/WCH/Toolchain/RISC-V Embedded GCC/bin/../lib/gcc/riscv-none-embed/8.2.0/../../../../riscv-none-embed/lib/rv32ecxw/ilp32e/libc_nano.a
LOAD /MRS-linux-x64/resources/app/resources/linux/components/WCH/Toolchain/RISC-V Embedded GCC/bin/../lib/gcc/riscv-none-embed/8.2.0/../../../../riscv-none-embed/lib/rv32ecxw/ilp32e/libnosys.a
END GROUP
                0x0000000000000100                __stack_size = 0x100
                [!provide]                        PROVIDE (_stack_size = __stack_size)

.init           0x0000000000000000       0xa0
                0x0000000000000000                _sinit = .
                0x0000000000000000                . = ALIGN (0x4)
 *(SORT_NONE(.init))
 .init          0x0000000000000000       0x9e ./Startup/startup_ch32v00x.o
                0x0000000000000000                _start
                0x00000000000000a0                . = ALIGN (0x4)
 *fill*         0x000000000000009e        0x2 
                0x00000000000000a0                _einit = .

.text           0x00000000000000a0     0x3da4
                0x00000000000000a0                . = ALIGN (0x4)
 *(.text)
 .text          0x00000000000000a0       0x14 /MRS-linux-x64/resources/app/resources/linux/components/WCH/Toolchain/RISC-V Embedded GCC/bin/../lib/gcc/riscv-none-embed/8.2.0/rv32ecxw/ilp32e/libgcc.a(save-restore.o)
                0x00000000000000a0                __riscv_save_1
                0x00000000000000a0                __riscv_save_2
                0x00000000000000a0                __riscv_save_0
                0x00000000000000aa                __riscv_restore_2
                0x00000000000000aa                __riscv_restore_0
                0x00000000000000aa                __riscv_restore_1
 .text          0x00000000000000b4       0x16 /MRS-linux-x64/resources/app/resources/linux/components/WCH/Toolchain/RISC-V Embedded GCC/bin/../lib/gcc/riscv-none-embed/8.2.0/rv32ecxw/ilp32e/libgcc.a(muldi3.o)
                0x00000000000000b4                __mulsi3
 *fill*         0x00000000000000ca        0x2 
 .text          0x00000000000000cc       0x7e /MRS-linux-x64/resources/app/resources/linux/components/WCH/Toolchain/RISC-V Embedded GCC/bin/../lib/gcc/riscv-none-embed/8.2.0/rv32ecxw/ilp32e/libgcc.a(div.o)
                0x00000000000000cc                __divsi3
                0x00000000000000d4                __udivsi3
                0x0000000000000100                __umodsi3
                0x0000000000000124                __modsi3
 .text          0x000000000000014a       0xa8 /MRS-linux-x64/resources/app/resources/linux/components/WCH/Toolchain/RISC-V Embedded GCC/bin/../lib/gcc/riscv-none-embed/8.2.0/../../../../riscv-none-embed/lib/rv32ecxw/ilp32e/libg_nano.a(lib_a-memset.o)
                0x000000000000014a                memset
 *(.text.*)
 .text.NMI_Handler
                0x00000000000001f2        0x2 ./User/ch32v00x_it.o
                0x00000000000001f2                NMI_Handler
 .text.HardFault_Handler
                0x00000000000001f4        0x2 ./User/ch32v00x_it.o
                0x00000000000001f4                HardFault_Handler
 .text.JOY_init
                0x00000000000001f6      0x100 ./User/driver.o
                0x00000000000001f6                JOY_init
 .text.joy_up_pressed
                0x00000000000002f6       0x10 ./User/driver.o
                0x00000000000002f6                joy_up_pressed
 .text.joy_down_pressed
                0x0000000000000306       0x12 ./User/driver.o
                0x0000000000000306                joy_down_pressed
 .text.joy_left_pressed
                0x0000000000000318       0x10 ./User/driver.o
                0x0000000000000318                joy_left_pressed
 .text.joy_right_pressed
                0x0000000000000328       0x10 ./User/driver.o
                0x0000000000000328                joy_right_pressed
 .text.map      0x0000000000000338       0x24 ./User/driver.o
                0x0000000000000338                map
 .text.I2C_init
                0x000000000000035c       0x46 ./User/i2c_tx.o
                0x000000000000035c                I2C_init
 .text.I2C_start
                0x00000000000003a2       0x4a ./User/i2c_tx.o
                0x00000000000003a2                I2C_start
 .text.I2C_write
                0x00000000000003ec       0x18 ./User/i2c_tx.o
                0x00000000000003ec                I2C_write
 .text.I2C_stop
                0x0000000000000404       0x1a ./User/i2c_tx.o
                0x0000000000000404                I2C_stop
 .text.startup.main
                0x000000000000041e      0x126 ./User/main.o
                0x000000000000041e                main
 .text.display_menu
                0x0000000000000544       0x36 ./User/menus.o
                0x0000000000000544                display_menu
 .text.menus_move_down
                0x000000000000057a       0x1a ./User/menus.o
                0x000000000000057a                menus_move_down
 .text.menus_move_up
                0x0000000000000594       0x1a ./User/menus.o
                0x0000000000000594                menus_move_up
 .text.move_leds_options_down
                0x00000000000005ae       0x14 ./User/menus.o
                0x00000000000005ae                move_leds_options_down
 .text.move_leds_options_up
                0x00000000000005c2       0x14 ./User/menus.o
                0x00000000000005c2                move_leds_options_up
 .text.leds_control_menu
                0x00000000000005d6      0x164 ./User/menus.o
                0x00000000000005d6                leds_control_menu
 .text.leds_control_handler
                0x000000000000073a      0x216 ./User/menus.o
                0x000000000000073a                leds_control_handler
 .text.display_credits
                0x0000000000000950       0xa6 ./User/menus.o
                0x0000000000000950                display_credits
 .text.menus_init
                0x00000000000009f6      0x100 ./User/menus.o
                0x00000000000009f6                menus_init
 .text.OLED_init
                0x0000000000000af6       0x38 ./User/oled_min.o
                0x0000000000000af6                OLED_init
 .text.OLED_data_start
                0x0000000000000b2e       0x18 ./User/oled_min.o
                0x0000000000000b2e                OLED_data_start
 .text.OLED_setpos
                0x0000000000000b46       0x40 ./User/oled_min.o
                0x0000000000000b46                OLED_setpos
 .text.SystemInit
                0x0000000000000b86       0xe6 ./User/system_ch32v00x.o
                0x0000000000000b86                SystemInit
 .text.SystemCoreClockUpdate
                0x0000000000000c6c       0x6c ./User/system_ch32v00x.o
                0x0000000000000c6c                SystemCoreClockUpdate
 .text.PSEUDO_RND_TTRIS
                0x0000000000000cd8       0x1a ./User/tetris.o
                0x0000000000000cd8                PSEUDO_RND_TTRIS
 .text.Game_Play_TTRIS
                0x0000000000000cf2       0x3c ./User/tetris.o
                0x0000000000000cf2                Game_Play_TTRIS
 .text.Calcul_of_Score_TTRIS
                0x0000000000000d2e       0x1c ./User/tetris.o
                0x0000000000000d2e                Calcul_of_Score_TTRIS
 .text.Ou_suis_Je_TTRIS
                0x0000000000000d4a       0x64 ./User/tetris.o
                0x0000000000000d4a                Ou_suis_Je_TTRIS
 .text.Select_Piece_TTRIS
                0x0000000000000dae       0x2c ./User/tetris.o
                0x0000000000000dae                Select_Piece_TTRIS
 .text.Scan_Piece_Matrix_TTRIS
                0x0000000000000dda       0x1a ./User/tetris.o
                0x0000000000000dda                Scan_Piece_Matrix_TTRIS
 .text.rotate_Matrix_TTRIS
                0x0000000000000df4       0xc4 ./User/tetris.o
                0x0000000000000df4                rotate_Matrix_TTRIS
 .text.SETUP_NEW_PREVIEW_PIECE_TTRIS
                0x0000000000000eb8       0x1e ./User/tetris.o
                0x0000000000000eb8                SETUP_NEW_PREVIEW_PIECE_TTRIS
 .text.GRID_STAT_TTRIS
                0x0000000000000ed6       0x42 ./User/tetris.o
                0x0000000000000ed6                GRID_STAT_TTRIS
 .text.End_Play_TTRIS
                0x0000000000000f18       0x28 ./User/tetris.o
                0x0000000000000f18                End_Play_TTRIS
 .text.Check_collision_x_TTRIS
                0x0000000000000f40       0x80 ./User/tetris.o
                0x0000000000000f40                Check_collision_x_TTRIS
 .text.Check_collision_y_TTRIS
                0x0000000000000fc0       0x82 ./User/tetris.o
                0x0000000000000fc0                Check_collision_y_TTRIS
 .text.CHECK_if_Rot_Ok_TTRIS
                0x0000000000001042       0x44 ./User/tetris.o
                0x0000000000001042                CHECK_if_Rot_Ok_TTRIS
 .text.CONTROLE_TTRIS
                0x0000000000001086      0x144 ./User/tetris.o
                0x0000000000001086                CONTROLE_TTRIS
 .text.CHANGE_GRID_STAT_TTRIS
                0x00000000000011ca       0x44 ./User/tetris.o
                0x00000000000011ca                CHANGE_GRID_STAT_TTRIS
 .text.PAINT_LINE_TTRIS
                0x000000000000120e       0x54 ./User/tetris.o
                0x000000000000120e                PAINT_LINE_TTRIS
 .text.Clean_Grid_TTRIS
                0x0000000000001262       0xa2 ./User/tetris.o
                0x0000000000001262                Clean_Grid_TTRIS
 .text.blitzSprite_TTRIS
                0x0000000000001304       0xf0 ./User/tetris.o
                0x0000000000001304                blitzSprite_TTRIS
 .text.NEXT_BLOCK_TTRIS
                0x00000000000013f4       0xcc ./User/tetris.o
                0x00000000000013f4                NEXT_BLOCK_TTRIS
 .text.DropPiece_TTRIS
                0x00000000000014c0       0x8e ./User/tetris.o
                0x00000000000014c0                DropPiece_TTRIS
 .text.recupe_SCORES_TTRIS
                0x000000000000154e      0x1ca ./User/tetris.o
                0x000000000000154e                recupe_SCORES_TTRIS
 .text.Convert_Nb_of_line_TTRIS
                0x0000000000001718       0x5e ./User/tetris.o
                0x0000000000001718                Convert_Nb_of_line_TTRIS
 .text.recupe_Nb_of_line_TTRIS
                0x0000000000001776       0x8a ./User/tetris.o
                0x0000000000001776                recupe_Nb_of_line_TTRIS
 .text.recupe_LEVEL_TTRIS
                0x0000000000001800       0x7e ./User/tetris.o
                0x0000000000001800                recupe_LEVEL_TTRIS
 .text.Recupe_TTRIS
                0x000000000000187e      0x10e ./User/tetris.o
                0x000000000000187e                Recupe_TTRIS
 .text.Tiny_Flip_TTRIS
                0x000000000000198c       0x48 ./User/tetris.o
                0x000000000000198c                Tiny_Flip_TTRIS
 .text.FLASH_LINE_TTRIS
                0x00000000000019d4       0x30 ./User/tetris.o
                0x00000000000019d4                FLASH_LINE_TTRIS
 .text.DELETE_LINE_TTRIS
                0x0000000000001a04       0xb0 ./User/tetris.o
                0x0000000000001a04                DELETE_LINE_TTRIS
 .text.END_DROP_TTRIS
                0x0000000000001ab4       0x8e ./User/tetris.o
                0x0000000000001ab4                END_DROP_TTRIS
 .text.Move_Piece_TTRIS
                0x0000000000001b42       0xe8 ./User/tetris.o
                0x0000000000001b42                Move_Piece_TTRIS
 .text.INIT_ALL_VAR_TTRIS
                0x0000000000001c2a       0x94 ./User/tetris.o
                0x0000000000001c2a                INIT_ALL_VAR_TTRIS
 .text.Reset_Value_TTRIS
                0x0000000000001cbe        0xe ./User/tetris.o
                0x0000000000001cbe                Reset_Value_TTRIS
 .text.tetris_start
                0x0000000000001ccc       0xfa ./User/tetris.o
                0x0000000000001ccc                tetris_start
 .text.vector_handler
                0x0000000000001dc6        0x2 ./Startup/startup_ch32v00x.o
                0x0000000000001dc6                TIM1_CC_IRQHandler
                0x0000000000001dc6                SysTick_Handler
                0x0000000000001dc6                PVD_IRQHandler
                0x0000000000001dc6                SPI1_IRQHandler
                0x0000000000001dc6                AWU_IRQHandler
                0x0000000000001dc6                EXTI7_0_IRQHandler
                0x0000000000001dc6                DMA1_Channel4_IRQHandler
                0x0000000000001dc6                ADC1_IRQHandler
                0x0000000000001dc6                DMA1_Channel7_IRQHandler
                0x0000000000001dc6                I2C1_EV_IRQHandler
                0x0000000000001dc6                DMA1_Channel6_IRQHandler
                0x0000000000001dc6                RCC_IRQHandler
                0x0000000000001dc6                TIM1_TRG_COM_IRQHandler
                0x0000000000001dc6                DMA1_Channel1_IRQHandler
                0x0000000000001dc6                DMA1_Channel5_IRQHandler
                0x0000000000001dc6                DMA1_Channel3_IRQHandler
                0x0000000000001dc6                TIM1_UP_IRQHandler
                0x0000000000001dc6                WWDG_IRQHandler
                0x0000000000001dc6                TIM2_IRQHandler
                0x0000000000001dc6                SW_Handler
                0x0000000000001dc6                TIM1_BRK_IRQHandler
                0x0000000000001dc6                DMA1_Channel2_IRQHandler
                0x0000000000001dc6                FLASH_IRQHandler
                0x0000000000001dc6                USART1_IRQHandler
                0x0000000000001dc6                I2C1_ER_IRQHandler
 .text.handle_reset
                0x0000000000001dc8       0x88 ./Startup/startup_ch32v00x.o
                0x0000000000001dc8                handle_reset
 .text.ssd1306_cmd
                0x0000000000001e50       0x1a ./SSD1306/ssd1306.o
                0x0000000000001e50                ssd1306_cmd
 .text.ssd1306_data
                0x0000000000001e6a        0xe ./SSD1306/ssd1306.o
                0x0000000000001e6a                ssd1306_data
 .text.ssd1306_setbuf
                0x0000000000001e78       0x1c ./SSD1306/ssd1306.o
                0x0000000000001e78                ssd1306_setbuf
 .text.ssd1306_refresh
                0x0000000000001e94       0xe8 ./SSD1306/ssd1306.o
                0x0000000000001e94                ssd1306_refresh
 .text.ssd1306_clear
                0x0000000000001f7c       0x12 ./SSD1306/ssd1306.o
                0x0000000000001f7c                ssd1306_clear
 .text.ssd1306_drawPixel
                0x0000000000001f8e       0x40 ./SSD1306/ssd1306.o
                0x0000000000001f8e                ssd1306_drawPixel
 .text.ssd1306_drawImage
                0x0000000000001fce      0x162 ./SSD1306/ssd1306.o
                0x0000000000001fce                ssd1306_drawImage
 .text.ssd1306_drawchar
                0x0000000000002130       0x8a ./SSD1306/ssd1306.o
                0x0000000000002130                ssd1306_drawchar
 .text.ssd1306_drawstr
                0x00000000000021ba       0x3c ./SSD1306/ssd1306.o
                0x00000000000021ba                ssd1306_drawstr
 .text.ssd1306_i2c_setup
                0x00000000000021f6       0xba ./SSD1306/ssd1306_i2c.o
                0x00000000000021f6                ssd1306_i2c_setup
 .text.ssd1306_i2c_error
                0x00000000000022b0       0x28 ./SSD1306/ssd1306_i2c.o
                0x00000000000022b0                ssd1306_i2c_error
 .text.ssd1306_i2c_chk_evt
                0x00000000000022d8       0x1c ./SSD1306/ssd1306_i2c.o
                0x00000000000022d8                ssd1306_i2c_chk_evt
 .text.ssd1306_i2c_send
                0x00000000000022f4       0xfc ./SSD1306/ssd1306_i2c.o
                0x00000000000022f4                ssd1306_i2c_send
 .text.ssd1306_pkt_send
                0x00000000000023f0       0x42 ./SSD1306/ssd1306_i2c.o
                0x00000000000023f0                ssd1306_pkt_send
 .text.GPIO_Init
                0x0000000000002432       0x7c ./Peripheral/src/ch32v00x_gpio.o
                0x0000000000002432                GPIO_Init
 .text.GPIO_PinRemapConfig
                0x00000000000024ae       0xc4 ./Peripheral/src/ch32v00x_gpio.o
                0x00000000000024ae                GPIO_PinRemapConfig
 .text.RCC_AdjustHSICalibrationValue
                0x0000000000002572       0x12 ./Peripheral/src/ch32v00x_rcc.o
                0x0000000000002572                RCC_AdjustHSICalibrationValue
 .text.RCC_GetClocksFreq
                0x0000000000002584       0xa2 ./Peripheral/src/ch32v00x_rcc.o
                0x0000000000002584                RCC_GetClocksFreq
 .text.RCC_APB2PeriphClockCmd
                0x0000000000002626       0x1e ./Peripheral/src/ch32v00x_rcc.o
                0x0000000000002626                RCC_APB2PeriphClockCmd
 .text.USART_Init
                0x0000000000002644       0xce ./Peripheral/src/ch32v00x_usart.o
                0x0000000000002644                USART_Init
 .text.USART_Cmd
                0x0000000000002712       0x16 ./Peripheral/src/ch32v00x_usart.o
                0x0000000000002712                USART_Cmd
 .text.USART_SendData
                0x0000000000002728        0x8 ./Peripheral/src/ch32v00x_usart.o
                0x0000000000002728                USART_SendData
 .text.USART_GetFlagStatus
                0x0000000000002730        0xa ./Peripheral/src/ch32v00x_usart.o
                0x0000000000002730                USART_GetFlagStatus
 .text.Delay_Init
                0x000000000000273a       0x34 ./Debug/debug.o
                0x000000000000273a                Delay_Init
 .text.Delay_Ms
                0x000000000000276e       0x3a ./Debug/debug.o
                0x000000000000276e                Delay_Ms
 .text.USART_Printf_Init
                0x00000000000027a8       0x5c ./Debug/debug.o
                0x00000000000027a8                USART_Printf_Init
 .text._write   0x0000000000002804       0x50 ./Debug/debug.o
                0x0000000000002804                _write
 .text.printchar
                0x0000000000002854       0x4a /MRS-linux-x64/resources/app/resources/linux/components/WCH/Toolchain/RISC-V Embedded GCC/bin/../lib/gcc/riscv-none-embed/8.2.0/../../../../riscv-none-embed/lib/rv32ecxw/ilp32e/libprintf.a(wchprintf.o)
                0x0000000000002854                printchar
 .text.prints   0x000000000000289e       0xee /MRS-linux-x64/resources/app/resources/linux/components/WCH/Toolchain/RISC-V Embedded GCC/bin/../lib/gcc/riscv-none-embed/8.2.0/../../../../riscv-none-embed/lib/rv32ecxw/ilp32e/libprintf.a(wchprintf.o)
                0x000000000000289e                prints
 .text.printInt
                0x000000000000298c      0x11a /MRS-linux-x64/resources/app/resources/linux/components/WCH/Toolchain/RISC-V Embedded GCC/bin/../lib/gcc/riscv-none-embed/8.2.0/../../../../riscv-none-embed/lib/rv32ecxw/ilp32e/libprintf.a(wchprintf.o)
                0x000000000000298c                printInt
 .text.printLongLongInt
                0x0000000000002aa6        0x4 /MRS-linux-x64/resources/app/resources/linux/components/WCH/Toolchain/RISC-V Embedded GCC/bin/../lib/gcc/riscv-none-embed/8.2.0/../../../../riscv-none-embed/lib/rv32ecxw/ilp32e/libprintf.a(wchprintf.o)
                0x0000000000002aa6                printLongLongInt
 .text.printDouble
                0x0000000000002aaa        0x4 /MRS-linux-x64/resources/app/resources/linux/components/WCH/Toolchain/RISC-V Embedded GCC/bin/../lib/gcc/riscv-none-embed/8.2.0/../../../../riscv-none-embed/lib/rv32ecxw/ilp32e/libprintf.a(wchprintf.o)
                0x0000000000002aaa                printDouble
 .text.print    0x0000000000002aae      0x360 /MRS-linux-x64/resources/app/resources/linux/components/WCH/Toolchain/RISC-V Embedded GCC/bin/../lib/gcc/riscv-none-embed/8.2.0/../../../../riscv-none-embed/lib/rv32ecxw/ilp32e/libprintf.a(wchprintf.o)
                0x0000000000002aae                print
 .text.printf   0x0000000000002e0e       0x24 /MRS-linux-x64/resources/app/resources/linux/components/WCH/Toolchain/RISC-V Embedded GCC/bin/../lib/gcc/riscv-none-embed/8.2.0/../../../../riscv-none-embed/lib/rv32ecxw/ilp32e/libprintf.a(wchprintf.o)
                0x0000000000002e0e                printf
 .text.puts     0x0000000000002e32       0x4a /MRS-linux-x64/resources/app/resources/linux/components/WCH/Toolchain/RISC-V Embedded GCC/bin/../lib/gcc/riscv-none-embed/8.2.0/../../../../riscv-none-embed/lib/rv32ecxw/ilp32e/libprintf.a(wchprintf.o)
                0x0000000000002e32                puts
 .text.memcpy   0x0000000000002e7c       0xd2 /MRS-linux-x64/resources/app/resources/linux/components/WCH/Toolchain/RISC-V Embedded GCC/bin/../lib/gcc/riscv-none-embed/8.2.0/../../../../riscv-none-embed/lib/rv32ecxw/ilp32e/libg_nano.a(lib_a-memcpy.o)
                0x0000000000002e7c                memcpy
 *(.rodata)
 *(.rodata*)
 *fill*         0x0000000000002f4e        0x2 
 .rodata.epd_bitmap_logo
                0x0000000000002f50      0x200 ./User/main.o
 .rodata.display_credits.str1.4
                0x0000000000003150       0x41 ./User/menus.o
 *fill*         0x0000000000003191        0x3 
 .rodata.epd_bitmap_menu_1
                0x0000000000003194      0x200 ./User/menus.o
 .rodata.epd_bitmap_menu_2
                0x0000000000003394      0x200 ./User/menus.o
 .rodata.epd_bitmap_menu_3
                0x0000000000003594      0x200 ./User/menus.o
 .rodata.leds_control_menu.str1.4
                0x0000000000003794       0x12 ./User/menus.o
 *fill*         0x00000000000037a6        0x2 
 .rodata.menus_bitmaps
                0x00000000000037a8        0xc ./User/menus.o
 .rodata.str1.4
                0x00000000000037b4       0x14 ./User/menus.o
 .rodata.OLED_INIT_CMD
                0x00000000000037c8       0x11 ./User/oled_min.o
                0x00000000000037c8                OLED_INIT_CMD
 *fill*         0x00000000000037d9        0x3 
 .rodata.Select_Piece_TTRIS
                0x00000000000037dc       0x1c ./User/tetris.o
 .rodata.BACKGROUND_TTRIS
                0x00000000000037f8      0x400 ./User/tetris.o
                0x00000000000037f8                BACKGROUND_TTRIS
 .rodata.CSWTCH.214
                0x0000000000003bf8        0x4 ./User/tetris.o
 .rodata.CSWTCH.215
                0x0000000000003bfc        0x6 ./User/tetris.o
 *fill*         0x0000000000003c02        0x2 
 .rodata.CSWTCH.216
                0x0000000000003c04        0x6 ./User/tetris.o
 *fill*         0x0000000000003c0a        0x2 
 .rodata.H_Grid_TTTRIS
                0x0000000000003c0c       0x27 ./User/tetris.o
                0x0000000000003c0c                H_Grid_TTTRIS
 *fill*         0x0000000000003c33        0x1 
 .rodata.MEM_TTTRIS
                0x0000000000003c34       0x10 ./User/tetris.o
                0x0000000000003c34                MEM_TTTRIS
 .rodata.Pieces_TTRIS
                0x0000000000003c44       0x23 ./User/tetris.o
                0x0000000000003c44                Pieces_TTRIS
 *fill*         0x0000000000003c67        0x1 
 .rodata.police_TTRIS
                0x0000000000003c68       0x2a ./User/tetris.o
                0x0000000000003c68                police_TTRIS
 *fill*         0x0000000000003c92        0x2 
 .rodata.tiny_PREVIEW_block_TTTRIS
                0x0000000000003c94        0x4 ./User/tetris.o
                0x0000000000003c94                tiny_PREVIEW_block_TTTRIS
 .rodata.tinyblock2_TTTRIS
                0x0000000000003c98        0x5 ./User/tetris.o
                0x0000000000003c98                tinyblock2_TTTRIS
 *fill*         0x0000000000003c9d        0x3 
 .rodata.tinyblock_TTTRIS
                0x0000000000003ca0        0x5 ./User/tetris.o
                0x0000000000003ca0                tinyblock_TTTRIS
 *fill*         0x0000000000003ca5        0x3 
 .rodata.ssd1306_drawImage
                0x0000000000003ca8       0x18 ./SSD1306/ssd1306.o
 .rodata.expand
                0x0000000000003cc0       0x10 ./SSD1306/ssd1306.o
                0x0000000000003cc0                expand
 .rodata.fontdata
                0x0000000000003cd0       0xd0 ./SSD1306/ssd1306.o
 .rodata.ssd1306_i2c_error.str1.4
                0x0000000000003da0       0x2d ./SSD1306/ssd1306_i2c.o
 *fill*         0x0000000000003dcd        0x3 
 .rodata.ssd1306_i2c_send.str1.4
                0x0000000000003dd0        0x5 ./SSD1306/ssd1306_i2c.o
 *fill*         0x0000000000003dd5        0x3 
 .rodata.ssd1306_i2c_setup.str1.4
                0x0000000000003dd8       0x1a ./SSD1306/ssd1306_i2c.o
 *fill*         0x0000000000003df2        0x2 
 .rodata.str1.4
                0x0000000000003df4       0x46 ./SSD1306/ssd1306_i2c.o
 *fill*         0x0000000000003e3a        0x2 
 .rodata.print.str1.4
                0x0000000000003e3c        0x8 /MRS-linux-x64/resources/app/resources/linux/components/WCH/Toolchain/RISC-V Embedded GCC/bin/../lib/gcc/riscv-none-embed/8.2.0/../../../../riscv-none-embed/lib/rv32ecxw/ilp32e/libprintf.a(wchprintf.o)
                                          0x7 (size before relaxing)
 *(.gnu.linkonce.t.*)
                0x0000000000003e44                . = ALIGN (0x4)

.rela.dyn       0x0000000000003e44        0x0
 .rela.init     0x0000000000003e44        0x0 ./User/ch32v00x_it.o
 .rela.text.handle_reset
                0x0000000000003e44        0x0 ./User/ch32v00x_it.o
 .rela.text.ssd1306_i2c_setup
                0x0000000000003e44        0x0 ./User/ch32v00x_it.o
 .rela.text.ssd1306_i2c_error
                0x0000000000003e44        0x0 ./User/ch32v00x_it.o
 .rela.text.prints
                0x0000000000003e44        0x0 ./User/ch32v00x_it.o
 .rela.text.printInt
                0x0000000000003e44        0x0 ./User/ch32v00x_it.o
 .rela.text.print
                0x0000000000003e44        0x0 ./User/ch32v00x_it.o
 .rela.text.printf
                0x0000000000003e44        0x0 ./User/ch32v00x_it.o

.fini           0x0000000000003e44        0x0
 *(SORT_NONE(.fini))
                0x0000000000003e44                . = ALIGN (0x4)
                [!provide]                        PROVIDE (_etext = .)
                [!provide]                        PROVIDE (_eitcm = .)

.preinit_array  0x0000000000003e44        0x0
                [!provide]                        PROVIDE (__preinit_array_start = .)
 *(.preinit_array)
                [!provide]                        PROVIDE (__preinit_array_end = .)

.init_array     0x0000000000003e44        0x0
                [!provide]                        PROVIDE (__init_array_start = .)
 *(SORT_BY_INIT_PRIORITY(.init_array.*) SORT_BY_INIT_PRIORITY(.ctors.*))
 *(.init_array EXCLUDE_FILE(*crtend?.o *crtend.o *crtbegin?.o *crtbegin.o) .ctors)
                [!provide]                        PROVIDE (__init_array_end = .)

.fini_array     0x0000000000003e44        0x0
                [!provide]                        PROVIDE (__fini_array_start = .)
 *(SORT_BY_INIT_PRIORITY(.fini_array.*) SORT_BY_INIT_PRIORITY(.dtors.*))
 *(.fini_array EXCLUDE_FILE(*crtend?.o *crtend.o *crtbegin?.o *crtbegin.o) .dtors)
                [!provide]                        PROVIDE (__fini_array_end = .)

.ctors
 *crtbegin.o(.ctors)
 *crtbegin?.o(.ctors)
 *(EXCLUDE_FILE(*crtend?.o *crtend.o) .ctors)
 *(SORT_BY_NAME(.ctors.*))
 *(.ctors)

.dtors
 *crtbegin.o(.dtors)
 *crtbegin?.o(.dtors)
 *(EXCLUDE_FILE(*crtend?.o *crtend.o) .dtors)
 *(SORT_BY_NAME(.dtors.*))
 *(.dtors)

.dalign         0x0000000020000000        0x0 load address 0x0000000000003e44
                0x0000000020000000                . = ALIGN (0x4)
                0x0000000020000000                PROVIDE (_data_vma = .)

.dlalign        0x0000000000003e44        0x0
                0x0000000000003e44                . = ALIGN (0x4)
                0x0000000000003e44                PROVIDE (_data_lma = .)

.data           0x0000000020000000       0x68 load address 0x0000000000003e44
                0x0000000020000000                . = ALIGN (0x4)
 *(.gnu.linkonce.r.*)
 *(.data .data.*)
 .data.leds     0x0000000020000000        0x8 ./User/driver.o
                0x0000000020000000                leds
 .data.leds_count
                0x0000000020000008        0x1 ./User/driver.o
                0x0000000020000008                leds_count
 *fill*         0x0000000020000009        0x3 
 .data.leds_options
                0x000000002000000c        0xc ./User/menus.o
                0x000000002000000c                leds_options
 .data.leds_speeds
                0x0000000020000018        0x3 ./User/menus.o
                0x0000000020000018                leds_speeds
 *fill*         0x000000002000001b        0x1 
 .data.AHBPrescTable
                0x000000002000001c       0x10 ./User/system_ch32v00x.o
                0x000000002000001c                AHBPrescTable
 .data.SystemCoreClock
                0x000000002000002c        0x4 ./User/system_ch32v00x.o
                0x000000002000002c                SystemCoreClock
 .data.errstr   0x0000000020000030       0x14 ./SSD1306/ssd1306_i2c.o
                0x0000000020000030                errstr
 .data.ADCPrescTable
                0x0000000020000044       0x14 ./Peripheral/src/ch32v00x_rcc.o
 .data.APBAHBPrescTable
                0x0000000020000058       0x10 ./Peripheral/src/ch32v00x_rcc.o
 *(.gnu.linkonce.d.*)
                0x0000000020000068                . = ALIGN (0x8)
                0x0000000020000868                PROVIDE (__global_pointer$ = (. + 0x800))
 *(.sdata .sdata.*)
 *(.sdata2*)
 *(.gnu.linkonce.s.*)
                0x0000000020000068                . = ALIGN (0x8)
 *(.srodata.cst16)
 *(.srodata.cst8)
 *(.srodata.cst4)
 *(.srodata.cst2)
 *(.srodata .srodata.*)
                0x0000000020000068                . = ALIGN (0x4)
                0x0000000020000068                PROVIDE (_edata = .)

.bss            0x0000000020000068      0x274 load address 0x0000000000003eac
                0x0000000020000068                . = ALIGN (0x4)
                0x0000000020000068                PROVIDE (_sbss = .)
 *(.sbss*)
 *(.gnu.linkonce.sb.*)
 *(.bss*)
 .bss.counter.4508
                0x0000000020000068        0x1 ./User/menus.o
 .bss.counter.4518
                0x0000000020000069        0x1 ./User/menus.o
 *fill*         0x000000002000006a        0x2 
 .bss.current_menu
                0x000000002000006c        0x4 ./User/menus.o
 .bss.led_index.4509
                0x0000000020000070        0x1 ./User/menus.o
 *fill*         0x0000000020000071        0x3 
 .bss.leds_speed
                0x0000000020000074        0x4 ./User/menus.o
                0x0000000020000074                leds_speed
 .bss.refrese_rate_s
                0x0000000020000078        0x1 ./User/menus.o
                0x0000000020000078                refrese_rate_s
 .bss.DEPLACEMENT_XX_TTRIS
                0x0000000020000079        0x1 ./User/tetris.o
                0x0000000020000079                DEPLACEMENT_XX_TTRIS
 .bss.DEPLACEMENT_YY_TTRIS
                0x000000002000007a        0x1 ./User/tetris.o
                0x000000002000007a                DEPLACEMENT_YY_TTRIS
 .bss.DOWN_DESACTIVE_TTRIS
                0x000000002000007b        0x1 ./User/tetris.o
                0x000000002000007b                DOWN_DESACTIVE_TTRIS
 .bss.DROP_BREAK_TTRIS
                0x000000002000007c        0x1 ./User/tetris.o
                0x000000002000007c                DROP_BREAK_TTRIS
 .bss.DROP_SPEED_TTRIS
                0x000000002000007d        0x1 ./User/tetris.o
                0x000000002000007d                DROP_SPEED_TTRIS
 .bss.DROP_TRIG_TTRIS
                0x000000002000007e        0x1 ./User/tetris.o
                0x000000002000007e                DROP_TRIG_TTRIS
 *fill*         0x000000002000007f        0x1 
 .bss.Grid_TTRIS
                0x0000000020000080       0x24 ./User/tetris.o
                0x0000000020000080                Grid_TTRIS
 .bss.LONG_PRESS_X_TTRIS
                0x00000000200000a4        0x1 ./User/tetris.o
                0x00000000200000a4                LONG_PRESS_X_TTRIS
 .bss.Level_Speed_ADJ_TTRIS
                0x00000000200000a5        0x1 ./User/tetris.o
                0x00000000200000a5                Level_Speed_ADJ_TTRIS
 .bss.Level_TTRIS
                0x00000000200000a6        0x1 ./User/tetris.o
                0x00000000200000a6                Level_TTRIS
 *fill*         0x00000000200000a7        0x1 
 .bss.Nb_of_line_F_TTRIS
                0x00000000200000a8        0x2 ./User/tetris.o
                0x00000000200000a8                Nb_of_line_F_TTRIS
 *fill*         0x00000000200000aa        0x2 
 .bss.Nb_of_line_TTRIS
                0x00000000200000ac        0x3 ./User/tetris.o
                0x00000000200000ac                Nb_of_line_TTRIS
 .bss.OU_SUIS_JE_X_ENGAGED_TTRIS
                0x00000000200000af        0x1 ./User/tetris.o
                0x00000000200000af                OU_SUIS_JE_X_ENGAGED_TTRIS
 .bss.OU_SUIS_JE_X_TTRIS
                0x00000000200000b0        0x1 ./User/tetris.o
                0x00000000200000b0                OU_SUIS_JE_X_TTRIS
 .bss.OU_SUIS_JE_Y_ENGAGED_TTRIS
                0x00000000200000b1        0x1 ./User/tetris.o
                0x00000000200000b1                OU_SUIS_JE_Y_ENGAGED_TTRIS
 .bss.OU_SUIS_JE_Y_TTRIS
                0x00000000200000b2        0x1 ./User/tetris.o
                0x00000000200000b2                OU_SUIS_JE_Y_TTRIS
 .bss.PIECEs_TTRIS
                0x00000000200000b3        0x1 ./User/tetris.o
                0x00000000200000b3                PIECEs_TTRIS
 .bss.PIECEs_TTRIS_PREVIEW
                0x00000000200000b4        0x1 ./User/tetris.o
                0x00000000200000b4                PIECEs_TTRIS_PREVIEW
 .bss.PIECEs_rot_TTRIS
                0x00000000200000b5        0x1 ./User/tetris.o
                0x00000000200000b5                PIECEs_rot_TTRIS
 *fill*         0x00000000200000b6        0x2 
 .bss.Piece_Mat2_TTRIS
                0x00000000200000b8       0x19 ./User/tetris.o
                0x00000000200000b8                Piece_Mat2_TTRIS
 .bss.RND_VAR_TTRIS
                0x00000000200000d1        0x1 ./User/tetris.o
                0x00000000200000d1                RND_VAR_TTRIS
 .bss.Ripple_filter_TTRIS
                0x00000000200000d2        0x1 ./User/tetris.o
                0x00000000200000d2                Ripple_filter_TTRIS
 .bss.SPEED_x_trig_TTRIS
                0x00000000200000d3        0x1 ./User/tetris.o
                0x00000000200000d3                SPEED_x_trig_TTRIS
 .bss.Scores_TTRIS
                0x00000000200000d4        0x2 ./User/tetris.o
                0x00000000200000d4                Scores_TTRIS
 .bss.xx_TTRIS  0x00000000200000d6        0x1 ./User/tetris.o
                0x00000000200000d6                xx_TTRIS
 .bss.yy_TTRIS  0x00000000200000d7        0x1 ./User/tetris.o
                0x00000000200000d7                yy_TTRIS
 .bss.ssd1306_buffer
                0x00000000200000d8      0x200 ./SSD1306/ssd1306.o
                0x00000000200000d8                ssd1306_buffer
 .bss.p_ms      0x00000000200002d8        0x2 ./Debug/debug.o
 .bss.p_us      0x00000000200002da        0x1 ./Debug/debug.o
 *(.gnu.linkonce.b.*)
 *(COMMON*)
                0x00000000200002dc                . = ALIGN (0x4)
 *fill*         0x00000000200002db        0x1 
                0x00000000200002dc                PROVIDE (_ebss = .)
                0x00000000200002dc                PROVIDE (_end = _ebss)
                [!provide]                        PROVIDE (end = .)

.stack          0x0000000020000700      0x100
                0x0000000020000700                PROVIDE (_heap_end = .)
                0x0000000020000700                . = ALIGN (0x4)
                [!provide]                        PROVIDE (_susrstack = .)
                0x0000000020000800                . = (. + __stack_size)
 *fill*         0x0000000020000700      0x100 
                0x0000000020000800                PROVIDE (_eusrstack = .)
                [!provide]                        PROVIDE (FLASH_LENGTH_OVERRIDE = 0x3fc0)
OUTPUT(bsides_badge.elf elf32-littleriscv)

.debug_info     0x0000000000000000     0xf5e6
 .debug_info    0x0000000000000000      0x962 ./User/ch32v00x_it.o
 .debug_info    0x0000000000000962      0xdfb ./User/driver.o
 .debug_info    0x000000000000175d      0xbd9 ./User/i2c_tx.o
 .debug_info    0x0000000000002336     0x170e ./User/main.o
 .debug_info    0x0000000000003a44     0x15be ./User/menus.o
 .debug_info    0x0000000000005002      0x467 ./User/oled_min.o
 .debug_info    0x0000000000005469      0xc1b ./User/system_ch32v00x.o
 .debug_info    0x0000000000006084     0x28b3 ./User/tetris.o
 .debug_info    0x0000000000008937       0x22 ./Startup/startup_ch32v00x.o
 .debug_info    0x0000000000008959     0x1b65 ./SSD1306/ssd1306.o
 .debug_info    0x000000000000a4be      0xde0 ./SSD1306/ssd1306_i2c.o
 .debug_info    0x000000000000b29e     0x1034 ./Peripheral/src/ch32v00x_gpio.o
 .debug_info    0x000000000000c2d2     0x108c ./Peripheral/src/ch32v00x_rcc.o
 .debug_info    0x000000000000d35e     0x1351 ./Peripheral/src/ch32v00x_usart.o
 .debug_info    0x000000000000e6af      0xf37 ./Debug/debug.o

.debug_abbrev   0x0000000000000000     0x2a89
 .debug_abbrev  0x0000000000000000      0x1cf ./User/ch32v00x_it.o
 .debug_abbrev  0x00000000000001cf      0x2c8 ./User/driver.o
 .debug_abbrev  0x0000000000000497      0x203 ./User/i2c_tx.o
 .debug_abbrev  0x000000000000069a      0x2fa ./User/main.o
 .debug_abbrev  0x0000000000000994      0x2ef ./User/menus.o
 .debug_abbrev  0x0000000000000c83       0xfe ./User/oled_min.o
 .debug_abbrev  0x0000000000000d81      0x2d6 ./User/system_ch32v00x.o
 .debug_abbrev  0x0000000000001057      0x4fa ./User/tetris.o
 .debug_abbrev  0x0000000000001551       0x12 ./Startup/startup_ch32v00x.o
 .debug_abbrev  0x0000000000001563      0x4e6 ./SSD1306/ssd1306.o
 .debug_abbrev  0x0000000000001a49      0x37c ./SSD1306/ssd1306_i2c.o
 .debug_abbrev  0x0000000000001dc5      0x309 ./Peripheral/src/ch32v00x_gpio.o
 .debug_abbrev  0x00000000000020ce      0x389 ./Peripheral/src/ch32v00x_rcc.o
 .debug_abbrev  0x0000000000002457      0x323 ./Peripheral/src/ch32v00x_usart.o
 .debug_abbrev  0x000000000000277a      0x30f ./Debug/debug.o

.debug_aranges  0x0000000000000000      0x750
 .debug_aranges
                0x0000000000000000       0x28 ./User/ch32v00x_it.o
 .debug_aranges
                0x0000000000000028       0x50 ./User/driver.o
 .debug_aranges
                0x0000000000000078       0x38 ./User/i2c_tx.o
 .debug_aranges
                0x00000000000000b0       0x28 ./User/main.o
 .debug_aranges
                0x00000000000000d8       0x68 ./User/menus.o
 .debug_aranges
                0x0000000000000140       0x50 ./User/oled_min.o
 .debug_aranges
                0x0000000000000190       0x28 ./User/system_ch32v00x.o
 .debug_aranges
                0x00000000000001b8      0x188 ./User/tetris.o
 .debug_aranges
                0x0000000000000340       0x30 ./Startup/startup_ch32v00x.o
 .debug_aranges
                0x0000000000000370       0xd0 ./SSD1306/ssd1306.o
 .debug_aranges
                0x0000000000000440       0x48 ./SSD1306/ssd1306_i2c.o
 .debug_aranges
                0x0000000000000488       0x98 ./Peripheral/src/ch32v00x_gpio.o
 .debug_aranges
                0x0000000000000520       0xe0 ./Peripheral/src/ch32v00x_rcc.o
 .debug_aranges
                0x0000000000000600      0x100 ./Peripheral/src/ch32v00x_usart.o
 .debug_aranges
                0x0000000000000700       0x50 ./Debug/debug.o

.debug_ranges   0x0000000000000000      0xb48
 .debug_ranges  0x0000000000000000       0x18 ./User/ch32v00x_it.o
 .debug_ranges  0x0000000000000018       0x40 ./User/driver.o
 .debug_ranges  0x0000000000000058       0x28 ./User/i2c_tx.o
 .debug_ranges  0x0000000000000080       0x38 ./User/main.o
 .debug_ranges  0x00000000000000b8       0xa8 ./User/menus.o
 .debug_ranges  0x0000000000000160       0x88 ./User/oled_min.o
 .debug_ranges  0x00000000000001e8       0x18 ./User/system_ch32v00x.o
 .debug_ranges  0x0000000000000200      0x3c8 ./User/tetris.o
 .debug_ranges  0x00000000000005c8       0x28 ./Startup/startup_ch32v00x.o
 .debug_ranges  0x00000000000005f0      0x270 ./SSD1306/ssd1306.o
 .debug_ranges  0x0000000000000860       0x60 ./SSD1306/ssd1306_i2c.o
 .debug_ranges  0x00000000000008c0       0x88 ./Peripheral/src/ch32v00x_gpio.o
 .debug_ranges  0x0000000000000948       0xd0 ./Peripheral/src/ch32v00x_rcc.o
 .debug_ranges  0x0000000000000a18       0xf0 ./Peripheral/src/ch32v00x_usart.o
 .debug_ranges  0x0000000000000b08       0x40 ./Debug/debug.o

.debug_line     0x0000000000000000     0xab29
 .debug_line    0x0000000000000000      0x2bf ./User/ch32v00x_it.o
 .debug_line    0x00000000000002bf      0x6f3 ./User/driver.o
 .debug_line    0x00000000000009b2      0x549 ./User/i2c_tx.o
 .debug_line    0x0000000000000efb      0x717 ./User/main.o
 .debug_line    0x0000000000001612      0xafb ./User/menus.o
 .debug_line    0x000000000000210d      0x412 ./User/oled_min.o
 .debug_line    0x000000000000251f      0x629 ./User/system_ch32v00x.o
 .debug_line    0x0000000000002b48     0x2bff ./User/tetris.o
 .debug_line    0x0000000000005747      0x112 ./Startup/startup_ch32v00x.o
 .debug_line    0x0000000000005859     0x15c7 ./SSD1306/ssd1306.o
 .debug_line    0x0000000000006e20      0x92b ./SSD1306/ssd1306_i2c.o
 .debug_line    0x000000000000774b      0xcd3 ./Peripheral/src/ch32v00x_gpio.o
 .debug_line    0x000000000000841e      0xeda ./Peripheral/src/ch32v00x_rcc.o
 .debug_line    0x00000000000092f8      0xfe4 ./Peripheral/src/ch32v00x_usart.o
 .debug_line    0x000000000000a2dc      0x84d ./Debug/debug.o

.debug_str      0x0000000000000000     0x215b
 .debug_str     0x0000000000000000      0x575 ./User/ch32v00x_it.o
                                        0x5ee (size before relaxing)
 .debug_str     0x0000000000000575      0x297 ./User/driver.o
                                        0x867 (size before relaxing)
 .debug_str     0x000000000000080c       0xbc ./User/i2c_tx.o
                                        0x72d (size before relaxing)
 .debug_str     0x00000000000008c8      0x213 ./User/main.o
                                        0x9c2 (size before relaxing)
 .debug_str     0x0000000000000adb      0x18f ./User/menus.o
                                        0x8b6 (size before relaxing)
 .debug_str     0x0000000000000c6a       0x7a ./User/oled_min.o
                                        0x27c (size before relaxing)
 .debug_str     0x0000000000000ce4       0xa8 ./User/system_ch32v00x.o
                                        0x733 (size before relaxing)
 .debug_str     0x0000000000000d8c      0x7a4 ./User/tetris.o
                                        0xe79 (size before relaxing)
 .debug_str     0x0000000000001530       0x2a ./Startup/startup_ch32v00x.o
                                         0x8c (size before relaxing)
 .debug_str     0x000000000000155a      0x280 ./SSD1306/ssd1306.o
                                        0x90b (size before relaxing)
 .debug_str     0x00000000000017da       0xb5 ./SSD1306/ssd1306_i2c.o
                                        0x7bb (size before relaxing)
 .debug_str     0x000000000000188f      0x1fc ./Peripheral/src/ch32v00x_gpio.o
                                        0x97b (size before relaxing)
 .debug_str     0x0000000000001a8b      0x2e0 ./Peripheral/src/ch32v00x_rcc.o
                                        0x9e9 (size before relaxing)
 .debug_str     0x0000000000001d6b      0x374 ./Peripheral/src/ch32v00x_usart.o
                                        0xb38 (size before relaxing)
 .debug_str     0x00000000000020df       0x7c ./Debug/debug.o
                                        0x939 (size before relaxing)

.comment        0x0000000000000000       0x33
 .comment       0x0000000000000000       0x33 ./User/ch32v00x_it.o
                                         0x34 (size before relaxing)
 .comment       0x0000000000000033       0x34 ./User/driver.o
 .comment       0x0000000000000033       0x34 ./User/i2c_tx.o
 .comment       0x0000000000000033       0x34 ./User/main.o
 .comment       0x0000000000000033       0x34 ./User/menus.o
 .comment       0x0000000000000033       0x34 ./User/oled_min.o
 .comment       0x0000000000000033       0x34 ./User/system_ch32v00x.o
 .comment       0x0000000000000033       0x34 ./User/tetris.o
 .comment       0x0000000000000033       0x34 ./SSD1306/ssd1306.o
 .comment       0x0000000000000033       0x34 ./SSD1306/ssd1306_i2c.o
 .comment       0x0000000000000033       0x34 ./Peripheral/src/ch32v00x_gpio.o
 .comment       0x0000000000000033       0x34 ./Peripheral/src/ch32v00x_rcc.o
 .comment       0x0000000000000033       0x34 ./Peripheral/src/ch32v00x_usart.o
 .comment       0x0000000000000033       0x34 ./Debug/debug.o
 .comment       0x0000000000000033       0x34 /MRS-linux-x64/resources/app/resources/linux/components/WCH/Toolchain/RISC-V Embedded GCC/bin/../lib/gcc/riscv-none-embed/8.2.0/../../../../riscv-none-embed/lib/rv32ecxw/ilp32e/libprintf.a(wchprintf.o)

.debug_frame    0x0000000000000000     0x13b8
 .debug_frame   0x0000000000000000       0x30 ./User/ch32v00x_it.o
 .debug_frame   0x0000000000000030       0xac ./User/driver.o
 .debug_frame   0x00000000000000dc       0x50 ./User/i2c_tx.o
 .debug_frame   0x000000000000012c       0x58 ./User/main.o
 .debug_frame   0x0000000000000184      0x138 ./User/menus.o
 .debug_frame   0x00000000000002bc       0xf0 ./User/oled_min.o
 .debug_frame   0x00000000000003ac       0x50 ./User/system_ch32v00x.o
 .debug_frame   0x00000000000003fc      0x588 ./User/tetris.o
 .debug_frame   0x0000000000000984      0x324 ./SSD1306/ssd1306.o
 .debug_frame   0x0000000000000ca8       0xc0 ./SSD1306/ssd1306_i2c.o
 .debug_frame   0x0000000000000d68      0x154 ./Peripheral/src/ch32v00x_gpio.o
 .debug_frame   0x0000000000000ebc      0x1dc ./Peripheral/src/ch32v00x_rcc.o
 .debug_frame   0x0000000000001098      0x204 ./Peripheral/src/ch32v00x_usart.o
 .debug_frame   0x000000000000129c       0xe4 ./Debug/debug.o
 .debug_frame   0x0000000000001380       0x38 /MRS-linux-x64/resources/app/resources/linux/components/WCH/Toolchain/RISC-V Embedded GCC/bin/../lib/gcc/riscv-none-embed/8.2.0/../../../../riscv-none-embed/lib/rv32ecxw/ilp32e/libg_nano.a(lib_a-memcpy.o)

.debug_loc      0x0000000000000000     0x4894
 .debug_loc     0x0000000000000000       0xb5 ./User/driver.o
 .debug_loc     0x00000000000000b5       0x42 ./User/i2c_tx.o
 .debug_loc     0x00000000000000f7       0x2a ./User/main.o
 .debug_loc     0x0000000000000121       0x7d ./User/menus.o
 .debug_loc     0x000000000000019e      0x1d2 ./User/oled_min.o
 .debug_loc     0x0000000000000370       0x83 ./User/system_ch32v00x.o
 .debug_loc     0x00000000000003f3     0x17c1 ./User/tetris.o
 .debug_loc     0x0000000000001bb4     0x1468 ./SSD1306/ssd1306.o
 .debug_loc     0x000000000000301c      0x3e2 ./SSD1306/ssd1306_i2c.o
 .debug_loc     0x00000000000033fe      0x5e2 ./Peripheral/src/ch32v00x_gpio.o
 .debug_loc     0x00000000000039e0      0x5e3 ./Peripheral/src/ch32v00x_rcc.o
 .debug_loc     0x0000000000003fc3      0x735 ./Peripheral/src/ch32v00x_usart.o
 .debug_loc     0x00000000000046f8      0x19c ./Debug/debug.o
